// Jest Snapshot v1, https://goo.gl/fbAQLP

exports[`Storyshots Design System/Range Large 1`] = `
<div
  style={
    Object {
      "display": "flex",
      "justifyContent": "center",
    }
  }
>
  <div
    className="slider"
    role="slider"
  >
    <input
      className="slider__input"
      disabled={false}
      onChange={[Function]}
      type="number"
    />
    <div
      className="slider__range"
      style={
        Object {
          "width": 200,
        }
      }
    >
      <button
        className="slider__range__btn"
        onMouseDown={[Function]}
      />
      <div
        className="slider__range__length"
      />
      <button
        className="slider__range__btn"
        onMouseDown={[Function]}
      />
    </div>
    <input
      className="slider__input slider__input--max"
      disabled={false}
      onChange={[Function]}
      type="number"
    />
  </div>
</div>
`;

exports[`Storyshots Design System/Range Primary 1`] = `
<div
  style={
    Object {
      "display": "flex",
      "justifyContent": "center",
    }
  }
>
  <div
    className="slider"
    role="slider"
  >
    <input
      className="slider__input"
      disabled={false}
      onChange={[Function]}
      type="number"
    />
    <div
      className="slider__range"
      style={
        Object {
          "width": 200,
        }
      }
    >
      <button
        className="slider__range__btn"
        onMouseDown={[Function]}
      />
      <div
        className="slider__range__length"
      />
      <button
        className="slider__range__btn"
        onMouseDown={[Function]}
      />
    </div>
    <input
      className="slider__input slider__input--max"
      disabled={false}
      onChange={[Function]}
      type="number"
    />
  </div>
</div>
`;

exports[`Storyshots Design System/Range Secondary 1`] = `
<div
  style={
    Object {
      "display": "flex",
      "justifyContent": "center",
    }
  }
>
  <div
    className="slider"
    role="slider"
  >
    <input
      className="slider__input"
      disabled={false}
      onChange={[Function]}
      type="number"
    />
    <div
      className="slider__range"
      style={
        Object {
          "width": 200,
        }
      }
    >
      <button
        className="slider__range__btn"
        onMouseDown={[Function]}
      />
      <div
        className="slider__range__length"
      />
      <button
        className="slider__range__btn"
        onMouseDown={[Function]}
      />
    </div>
    <input
      className="slider__input slider__input--max"
      disabled={false}
      onChange={[Function]}
      type="number"
    />
  </div>
</div>
`;

exports[`Storyshots Design System/Range Small 1`] = `
<div
  style={
    Object {
      "display": "flex",
      "justifyContent": "center",
    }
  }
>
  <div
    className="slider"
    role="slider"
  >
    <input
      className="slider__input"
      disabled={false}
      onChange={[Function]}
      type="number"
    />
    <div
      className="slider__range"
      style={
        Object {
          "width": 200,
        }
      }
    >
      <button
        className="slider__range__btn"
        onMouseDown={[Function]}
      />
      <div
        className="slider__range__length"
      />
      <button
        className="slider__range__btn"
        onMouseDown={[Function]}
      />
    </div>
    <input
      className="slider__input slider__input--max"
      disabled={false}
      onChange={[Function]}
      type="number"
    />
  </div>
</div>
`;
